// Jest Snapshot v1, https://goo.gl/fbAQLP

exports[`WebView WebViewが正常にrenderできることを確認 1`] = `
<View
  style={
    Array [
      Object {
        "flex": 1,
        "overflow": "hidden",
      },
      undefined,
    ]
  }
>
  <RNCWebView
    androidLayerType="software"
    cacheEnabled={true}
    decelerationRate={0.998}
    injectedJavaScriptBeforeContentLoadedForMainFrameOnly={true}
    injectedJavaScriptForMainFrameOnly={true}
    javaScriptEnabled={true}
    messagingEnabled={false}
    onContentProcessDidTerminate={[Function]}
    onError={[Function]}
    onHttpError={[Function]}
    onLoadEnd={[Function]}
    onLoadingError={[Function]}
    onLoadingFinish={[Function]}
    onLoadingProgress={[Function]}
    onLoadingStart={[Function]}
    onMessage={[Function]}
    onScroll={[Function]}
    onShouldStartLoadWithRequest={[Function]}
    source={
      Object {
        "uri": "https://localhost/",
      }
    }
    startInLoadingState={true}
    style={
      Array [
        Object {
          "flex": 1,
          "overflow": "hidden",
        },
        Object {
          "backgroundColor": "#ffffff",
        },
        Object {
          "flex": 1,
        },
      ]
    }
    testID="webview"
    useSharedProcessPool={true}
  />
  <ActivityIndicator
    animating={true}
    color="#0000ff"
    hidesWhenStopped={true}
    size="large"
    style={
      Object {
        "alignItems": "center",
        "display": "flex",
        "height": "100%",
        "justifyContent": "center",
        "position": "absolute",
        "width": "100%",
      }
    }
  />
</View>
`;
