// Jest Snapshot v1, https://goo.gl/fbAQLP

exports[`WithAccountContext WithAccountContextを子要素を含めて正常にrenderできること 1`] = `
<Text
  testID="test"
>
  test
</Text>
`;
