// Jest Snapshot v1, https://goo.gl/fbAQLP

exports[`IconButton IconButtonが正常にrenderできることを確認 1`] = `
<View
  accessible={true}
  collapsable={false}
  focusable={false}
  onClick={[Function]}
  onResponderGrant={[Function]}
  onResponderMove={[Function]}
  onResponderRelease={[Function]}
  onResponderTerminate={[Function]}
  onResponderTerminationRequest={[Function]}
  onStartShouldSetResponder={[Function]}
  style={
    Object {
      "opacity": 1,
    }
  }
  testID="IconButtonTouchableOpacity"
>
  <View
    style={
      Object {
        "overflow": "hidden",
      }
    }
  >
    <View>
      <View
        style={
          Object {
            "alignItems": "center",
            "backgroundColor": "transparent",
            "justifyContent": "center",
          }
        }
      >
        <Text />
      </View>
    </View>
  </View>
</View>
`;
