// Jest Snapshot v1, https://goo.gl/fbAQLP

exports[`Barcode only with required props renders successfully only with required props 1`] = `
<View
  style={
    {
      "alignItems": "center",
      "backgroundColor": "#FFFFFF",
      "paddingHorizontal": 0,
    }
  }
  testID="Barcode"
>
  <RNSVGSvgView
    bbHeight="100"
    bbWidth="378"
    fill="#000000"
    focusable={false}
    height={100}
    style={
      [
        {
          "backgroundColor": "transparent",
          "borderWidth": 0,
        },
        {
          "flex": 0,
          "height": 100,
          "width": 378,
        },
      ]
    }
    width={378}
  >
    <RNSVGGroup
      fill={
        {
          "payload": 4278190080,
          "type": 0,
        }
      }
      propList={
        [
          "fill",
        ]
      }
    >
      <RNSVGPath
        d="M0,0h4v100h-4z M6,0h2v100h-2z M16,0h2v100h-2z M22,0h2v100h-2z M28,0h6v100h-6z M36,0h4v100h-4z M44,0h2v100h-2z M50,0h6v100h-6z M60,0h4v100h-4z M66,0h4v100h-4z M74,0h6v100h-6z M84,0h2v100h-2z M88,0h4v100h-4z M96,0h2v100h-2z M100,0h6v100h-6z M110,0h4v100h-4z M118,0h2v100h-2z M124,0h6v100h-6z M132,0h4v100h-4z M138,0h6v100h-6z M148,0h2v100h-2z M154,0h4v100h-4z M162,0h6v100h-6z M170,0h2v100h-2z M176,0h6v100h-6z M184,0h4v100h-4z M190,0h6v100h-6z M198,0h6v100h-6z M206,0h2v100h-2z M212,0h4v100h-4z M220,0h6v100h-6z M230,0h2v100h-2z M234,0h4v100h-4z M242,0h2v100h-2z M246,0h6v100h-6z M254,0h8v100h-8z M264,0h4v100h-4z M272,0h4v100h-4z M278,0h4v100h-4z M286,0h6v100h-6z M294,0h4v100h-4z M300,0h6v100h-6z M308,0h2v100h-2z M312,0h6v100h-6z M320,0h4v100h-4z M330,0h2v100h-2z M338,0h6v100h-6z M346,0h4v100h-4z M352,0h4v100h-4z M362,0h6v100h-6z M370,0h2v100h-2z M374,0h4v100h-4z"
      />
    </RNSVGGroup>
  </RNSVGSvgView>
</View>
`;

exports[`Barcode with all format renders successfully with CODE128 1`] = `
<View
  style={
    {
      "alignItems": "center",
      "backgroundColor": "#FFFFFF",
      "paddingHorizontal": 0,
    }
  }
  testID="Barcode"
>
  <RNSVGSvgView
    bbHeight="100"
    bbWidth="378"
    fill="#000000"
    focusable={false}
    height={100}
    style={
      [
        {
          "backgroundColor": "transparent",
          "borderWidth": 0,
        },
        {
          "flex": 0,
          "height": 100,
          "width": 378,
        },
      ]
    }
    width={378}
  >
    <RNSVGGroup
      fill={
        {
          "payload": 4278190080,
          "type": 0,
        }
      }
      propList={
        [
          "fill",
        ]
      }
    >
      <RNSVGPath
        d="M0,0h4v100h-4z M6,0h2v100h-2z M16,0h2v100h-2z M22,0h2v100h-2z M28,0h6v100h-6z M36,0h4v100h-4z M44,0h2v100h-2z M50,0h6v100h-6z M60,0h4v100h-4z M66,0h4v100h-4z M74,0h6v100h-6z M84,0h2v100h-2z M88,0h4v100h-4z M96,0h2v100h-2z M100,0h6v100h-6z M110,0h4v100h-4z M118,0h2v100h-2z M124,0h6v100h-6z M132,0h4v100h-4z M138,0h6v100h-6z M148,0h2v100h-2z M154,0h4v100h-4z M162,0h6v100h-6z M170,0h2v100h-2z M176,0h6v100h-6z M184,0h4v100h-4z M190,0h6v100h-6z M198,0h6v100h-6z M206,0h2v100h-2z M212,0h4v100h-4z M220,0h6v100h-6z M230,0h2v100h-2z M234,0h4v100h-4z M242,0h2v100h-2z M246,0h6v100h-6z M254,0h8v100h-8z M264,0h4v100h-4z M272,0h4v100h-4z M278,0h4v100h-4z M286,0h6v100h-6z M294,0h4v100h-4z M300,0h6v100h-6z M308,0h2v100h-2z M312,0h6v100h-6z M320,0h4v100h-4z M330,0h2v100h-2z M338,0h6v100h-6z M346,0h4v100h-4z M352,0h4v100h-4z M362,0h6v100h-6z M370,0h2v100h-2z M374,0h4v100h-4z"
      />
    </RNSVGGroup>
  </RNSVGSvgView>
</View>
`;

exports[`Barcode with all format renders successfully with CODE128AUTO 1`] = `
<View
  style={
    {
      "alignItems": "center",
      "backgroundColor": "#FFFFFF",
      "paddingHorizontal": 0,
    }
  }
  testID="Barcode"
>
  <RNSVGSvgView
    bbHeight="100"
    bbWidth="180"
    fill="#000000"
    focusable={false}
    height={100}
    style={
      [
        {
          "backgroundColor": "transparent",
          "borderWidth": 0,
        },
        {
          "flex": 0,
          "height": 100,
          "width": 180,
        },
      ]
    }
    width={180}
  >
    <RNSVGGroup
      fill={
        {
          "payload": 4278190080,
          "type": 0,
        }
      }
      propList={
        [
          "fill",
        ]
      }
    >
      <RNSVGPath
        d="M0,0h4v100h-4z M6,0h2v100h-2z M12,0h6v100h-6z M22,0h4v100h-4z M30,0h4v100h-4z M36,0h4v100h-4z M44,0h6v100h-6z M52,0h4v100h-4z M58,0h6v100h-6z M66,0h2v100h-2z M70,0h6v100h-6z M78,0h4v100h-4z M88,0h2v100h-2z M98,0h2v100h-2z M102,0h4v100h-4z M110,0h4v100h-4z M116,0h4v100h-4z M122,0h8v100h-8z M132,0h2v100h-2z M142,0h4v100h-4z M148,0h2v100h-2z M154,0h4v100h-4z M164,0h6v100h-6z M172,0h2v100h-2z M176,0h4v100h-4z"
      />
    </RNSVGGroup>
  </RNSVGSvgView>
</View>
`;

exports[`Barcode with all props should be applied properly 1`] = `
<View
  style={
    {
      "alignItems": "flex-start",
      "backgroundColor": "blue",
      "paddingHorizontal": 5,
    }
  }
  testID="Barcode"
>
  <RNSVGSvgView
    bbHeight="200"
    bbWidth="300"
    fill="red"
    focusable={false}
    height={200}
    style={
      [
        {
          "backgroundColor": "transparent",
          "borderWidth": 0,
        },
        {
          "flex": 0,
          "height": 200,
          "width": 300,
        },
      ]
    }
    width={300}
  >
    <RNSVGGroup
      fill={
        {
          "payload": 4294901760,
          "type": 0,
        }
      }
      propList={
        [
          "fill",
        ]
      }
    >
      <RNSVGPath
        d="M0,0h6.666666666666667v200h-6.666666666666667z M10,0h3.3333333333333335v200h-3.3333333333333335z M20,0h10v200h-10z M36.66666666666667,0h6.666666666666667v200h-6.666666666666667z M50.00000000000001,0h6.666666666666667v200h-6.666666666666667z M60.00000000000001,0h6.666666666666667v200h-6.666666666666667z M73.33333333333334,0h10v200h-10z M86.66666666666667,0h6.666666666666667v200h-6.666666666666667z M96.66666666666667,0h10v200h-10z M110.00000000000001,0h3.3333333333333335v200h-3.3333333333333335z M116.66666666666667,0h10v200h-10z M130.00000000000003,0h6.666666666666667v200h-6.666666666666667z M146.66666666666666,0h3.3333333333333335v200h-3.3333333333333335z M163.33333333333334,0h3.3333333333333335v200h-3.3333333333333335z M170.00000000000003,0h6.666666666666667v200h-6.666666666666667z M183.33333333333334,0h6.666666666666667v200h-6.666666666666667z M193.33333333333334,0h6.666666666666667v200h-6.666666666666667z M203.33333333333334,0h13.333333333333334v200h-13.333333333333334z M220,0h3.3333333333333335v200h-3.3333333333333335z M236.66666666666669,0h6.666666666666667v200h-6.666666666666667z M246.66666666666666,0h3.3333333333333335v200h-3.3333333333333335z M256.6666666666667,0h6.666666666666667v200h-6.666666666666667z M273.33333333333337,0h10v200h-10z M286.6666666666667,0h3.3333333333333335v200h-3.3333333333333335z M293.33333333333337,0h6.666666666666667v200h-6.666666666666667z"
      />
    </RNSVGGroup>
  </RNSVGSvgView>
  <Text
    style={
      {
        "color": "yellow",
        "textAlign": "left",
      }
    }
    testID="BarcodeText"
  >
    012345
  </Text>
</View>
`;
