// Jest Snapshot v1, https://goo.gl/fbAQLP

exports[`LoginScreen マウントされたときに正常にレンダリングされること 1`] = `
Array [
  <View
    style={
      Object {
        "flex": 1,
        "justifyContent": "center",
        "paddingHorizontal": 30,
      }
    }
    testID="Login"
  >
    <View
      style={
        Object {
          "width": "100%",
        }
      }
    >
      <View
        style={
          Object {
            "paddingHorizontal": 0,
            "width": "100%",
          }
        }
      >
        <Text
          style={
            Object {
              "color": "#212935",
              "fontSize": 15,
              "fontWeight": "normal",
            }
          }
        >
          アカウントID
        </Text>
        <View
          collapsable={false}
          style={
            Object {
              "alignItems": "center",
              "borderBottomColor": "#9e9e9e",
              "borderBottomWidth": 2,
              "borderColor": "#86939e",
              "flexDirection": "row",
              "paddingVertical": 8,
              "transform": Array [
                Object {
                  "translateX": 0,
                },
              ],
            }
          }
        >
          <TextInput
            autoCapitalize="none"
            autoCorrect={false}
            editable={true}
            onChangeText={[Function]}
            placeholderTextColor="#86939e"
            style={
              Object {
                "color": "#212935",
                "flex": 1,
                "fontSize": 17,
                "includeFontPadding": false,
                "lineHeight": 24,
                "minHeight": 0,
              }
            }
            testID="RNE__Input__text-input"
            underlineColorAndroid="transparent"
            value=""
          />
        </View>
        <Text
          style={
            Object {
              "color": "#ff190c",
              "fontSize": 12,
              "height": 0,
              "margin": 0,
              "padding": 0,
            }
          }
        />
      </View>
    </View>
    <View
      style={
        Object {
          "height": 19.2,
          "width": 0,
        }
      }
      testID="Spacer"
    />
    <View
      style={
        Object {
          "width": "100%",
        }
      }
    >
      <View
        style={
          Object {
            "paddingHorizontal": 0,
            "width": "100%",
          }
        }
      >
        <Text
          style={
            Object {
              "color": "#212935",
              "fontSize": 15,
              "fontWeight": "normal",
            }
          }
        >
          パスワード
        </Text>
        <View
          collapsable={false}
          style={
            Object {
              "alignItems": "center",
              "borderBottomColor": "#9e9e9e",
              "borderBottomWidth": 2,
              "borderColor": "#86939e",
              "flexDirection": "row",
              "paddingVertical": 8,
              "transform": Array [
                Object {
                  "translateX": 0,
                },
              ],
            }
          }
        >
          <TextInput
            autoCapitalize="none"
            autoComplete="password"
            autoCorrect={false}
            editable={true}
            keyboardType="ascii-capable"
            onChangeText={[Function]}
            placeholderTextColor="#86939e"
            secureTextEntry={true}
            style={
              Object {
                "color": "#212935",
                "flex": 1,
                "fontSize": 17,
                "includeFontPadding": false,
                "lineHeight": 24,
                "minHeight": 0,
              }
            }
            testID="RNE__Input__text-input"
            textContentType="password"
            underlineColorAndroid="transparent"
            value=""
          />
          <View
            style={
              Object {
                "alignItems": "center",
                "height": undefined,
                "justifyContent": "center",
                "marginVertical": 0,
                "paddingRight": 4,
                "paddingVertical": 0,
              }
            }
          >
            <View
              style={
                Object {
                  "flexDirection": "row",
                }
              }
            >
              <View
                accessible={true}
                collapsable={false}
                focusable={true}
                onClick={[Function]}
                onResponderGrant={[Function]}
                onResponderMove={[Function]}
                onResponderRelease={[Function]}
                onResponderTerminate={[Function]}
                onResponderTerminationRequest={[Function]}
                onStartShouldSetResponder={[Function]}
                style={
                  Object {
                    "opacity": 1,
                  }
                }
                testID="IconButtonTouchableOpacity"
              >
                <View
                  style={
                    Object {
                      "overflow": "hidden",
                    }
                  }
                >
                  <View
                    replaceTheme={[Function]}
                    style={
                      Object {
                        "width": 0,
                      }
                    }
                    updateTheme={[Function]}
                  >
                    <View
                      style={
                        Object {
                          "alignItems": "center",
                          "backgroundColor": "transparent",
                          "justifyContent": "center",
                        }
                      }
                    >
                      <Text />
                    </View>
                  </View>
                </View>
              </View>
              <View
                style={
                  Object {
                    "marginRight": 5,
                  }
                }
              />
              <View
                accessible={true}
                collapsable={false}
                focusable={true}
                onClick={[Function]}
                onResponderGrant={[Function]}
                onResponderMove={[Function]}
                onResponderRelease={[Function]}
                onResponderTerminate={[Function]}
                onResponderTerminationRequest={[Function]}
                onStartShouldSetResponder={[Function]}
                style={
                  Object {
                    "opacity": 1,
                  }
                }
                testID="IconButtonTouchableOpacity"
              >
                <View
                  style={
                    Object {
                      "overflow": "hidden",
                    }
                  }
                >
                  <View
                    replaceTheme={[Function]}
                    updateTheme={[Function]}
                  >
                    <View
                      style={
                        Object {
                          "alignItems": "center",
                          "backgroundColor": "transparent",
                          "justifyContent": "center",
                        }
                      }
                    >
                      <Text />
                    </View>
                  </View>
                </View>
              </View>
            </View>
          </View>
        </View>
        <Text
          style={
            Object {
              "color": "#ff190c",
              "fontSize": 12,
              "height": 0,
              "margin": 0,
              "padding": 0,
            }
          }
        />
      </View>
    </View>
    <View
      style={
        Object {
          "height": 32,
          "width": 0,
        }
      }
      testID="Spacer"
    />
    <View
      style={
        Object {
          "flexDirection": "row",
          "justifyContent": "center",
        }
      }
    >
      <View
        style={
          Array [
            Object {
              "borderRadius": 3,
              "overflow": "hidden",
            },
            Object {
              "borderRadius": 3,
            },
            Object {
              "borderRadius": 8,
              "width": 90,
            },
            false,
          ]
        }
      >
        <View
          accessibilityRole="button"
          accessibilityState={
            Object {
              "busy": false,
              "disabled": true,
            }
          }
          accessible={true}
          collapsable={false}
          focusable={true}
          onClick={[Function]}
          onResponderGrant={[Function]}
          onResponderMove={[Function]}
          onResponderRelease={[Function]}
          onResponderTerminate={[Function]}
          onResponderTerminationRequest={[Function]}
          onStartShouldSetResponder={[Function]}
          style={
            Object {
              "opacity": 1,
            }
          }
        >
          <View
            style={
              Object {
                "alignItems": "center",
                "backgroundColor": "hsl(208, 8%, 90%)",
                "borderColor": "#3a6be8",
                "borderRadius": 8,
                "borderWidth": 0,
                "flexDirection": "row",
                "height": 50,
                "justifyContent": "center",
                "padding": 8,
                "width": 90,
              }
            }
          >
            <Text
              style={
                Object {
                  "color": "hsl(208, 8%, 63%)",
                  "fontSize": 18,
                  "paddingVertical": 1,
                  "textAlign": "center",
                }
              }
            >
              新規登録
            </Text>
          </View>
        </View>
      </View>
      <View
        style={
          Object {
            "height": 0,
            "width": 32,
          }
        }
        testID="Spacer"
      />
      <View
        style={
          Array [
            Object {
              "borderRadius": 3,
              "overflow": "hidden",
            },
            Object {
              "borderRadius": 3,
            },
            Object {
              "borderRadius": 8,
              "width": 90,
            },
            false,
          ]
        }
      >
        <View
          accessibilityRole="button"
          accessibilityState={
            Object {
              "busy": false,
              "disabled": true,
            }
          }
          accessible={true}
          collapsable={false}
          focusable={true}
          onClick={[Function]}
          onResponderGrant={[Function]}
          onResponderMove={[Function]}
          onResponderRelease={[Function]}
          onResponderTerminate={[Function]}
          onResponderTerminationRequest={[Function]}
          onStartShouldSetResponder={[Function]}
          style={
            Object {
              "opacity": 1,
            }
          }
        >
          <View
            style={
              Object {
                "alignItems": "center",
                "backgroundColor": "hsl(208, 8%, 90%)",
                "borderColor": "#2089dc",
                "borderRadius": 8,
                "borderWidth": 0,
                "flexDirection": "row",
                "height": 50,
                "justifyContent": "center",
                "padding": 8,
                "width": 90,
              }
            }
          >
            <Text
              style={
                Object {
                  "color": "hsl(208, 8%, 63%)",
                  "fontSize": 18,
                  "paddingVertical": 1,
                  "textAlign": "center",
                }
              }
            >
              ログイン
            </Text>
          </View>
        </View>
      </View>
    </View>
  </View>,
  <View
    testID="FullWindowOverlay"
  />,
  <View
    testID="FullWindowOverlay"
  />,
]
`;
