// Jest Snapshot v1, https://goo.gl/fbAQLP

exports[`ProfileRegistrationScreen マウントされたときに正常にレンダリングされること 1`] = `
[
  <View
    style={
      {
        "alignItems": "center",
        "flex": 1,
        "justifyContent": "center",
        "paddingHorizontal": 30,
      }
    }
    testID="ProfileRegistration"
  >
    <View
      style={
        {
          "width": "100%",
        }
      }
    >
      <View
        style={
          {
            "paddingHorizontal": 0,
            "width": "100%",
          }
        }
      >
        <Text
          style={
            {
              "color": "#212935",
              "fontSize": 15,
              "fontWeight": "normal",
            }
          }
        >
          ニックネーム
        </Text>
        <View
          collapsable={false}
          style={
            {
              "alignItems": "center",
              "borderBottomColor": "#9e9e9e",
              "borderBottomWidth": 2,
              "borderColor": "#86939e",
              "flexDirection": "row",
              "paddingVertical": 8,
              "transform": [
                {
                  "translateX": 0,
                },
              ],
            }
          }
        >
          <TextInput
            autoCapitalize="none"
            autoCorrect={false}
            editable={true}
            onChangeText={[Function]}
            placeholderTextColor="#86939e"
            style={
              {
                "color": "#212935",
                "flex": 1,
                "fontSize": 17,
                "includeFontPadding": false,
                "lineHeight": 24,
                "minHeight": 0,
              }
            }
            testID="RNE__Input__text-input"
            underlineColorAndroid="transparent"
            value=""
          />
        </View>
        <Text
          style={
            {
              "color": "#ff190c",
              "fontSize": 12,
              "height": 0,
              "margin": 0,
              "padding": 0,
            }
          }
        />
      </View>
    </View>
    <View
      style={
        {
          "height": 32,
          "width": 0,
        }
      }
      testID="Spacer"
    />
    <View
      style={
        [
          {
            "borderRadius": 3,
            "overflow": "hidden",
          },
          {
            "borderRadius": 3,
          },
          {
            "borderRadius": 8,
            "width": 90,
          },
          false,
        ]
      }
    >
      <View
        accessibilityRole="button"
        accessibilityState={
          {
            "busy": false,
            "checked": undefined,
            "disabled": false,
            "expanded": undefined,
            "selected": undefined,
          }
        }
        accessibilityValue={
          {
            "max": undefined,
            "min": undefined,
            "now": undefined,
            "text": undefined,
          }
        }
        accessible={true}
        collapsable={false}
        focusable={true}
        onClick={[Function]}
        onResponderGrant={[Function]}
        onResponderMove={[Function]}
        onResponderRelease={[Function]}
        onResponderTerminate={[Function]}
        onResponderTerminationRequest={[Function]}
        onStartShouldSetResponder={[Function]}
        style={
          {
            "opacity": 1,
          }
        }
      >
        <View
          style={
            {
              "alignItems": "center",
              "backgroundColor": "#3a6be8",
              "borderColor": "#2089dc",
              "borderRadius": 8,
              "borderWidth": 0,
              "flexDirection": "row",
              "height": 50,
              "justifyContent": "center",
              "padding": 8,
              "width": 90,
            }
          }
        >
          <Text
            style={
              {
                "color": "white",
                "fontSize": 18,
                "paddingVertical": 1,
                "textAlign": "center",
              }
            }
          >
            登録
          </Text>
        </View>
      </View>
    </View>
  </View>,
  <View
    testID="FullWindowOverlay"
  />,
  <View
    testID="FullWindowOverlay"
  />,
]
`;
